Configuration on demand is an incubating feature.
Calculating task graph as no cached configuration is available for tasks: assembleRelease ; Get-Content build_output.txt

> Configure project :app
WARNING: The option setting 'android.enableJetifier=true' is deprecated.
The current default is 'false'.
It will be removed in version 10.0 of the Android Gradle plugin.

[Incubating] Problems report is available at: file:///C:/1Project/Tier-Master/build/reports/problems/problems-report.html

FAILURE: Build failed with an exception.

* What went wrong:
Task ';' not found in root project 'Tdds' and its subprojects.

* Try:
> Run gradlew tasks to get a list of available tasks.
> For more on name expansion, please refer to https://docs.gradle.org/9.5.1/userguide/command_line_interface.html#sec:name_abbreviation in the Gradle documentation.
> Run with --stacktrace option to get the stack trace.
> Run with --info or --debug option to get more log output.
> Run with --scan to get full insights from a Build Scan (powered by Develocity).
> Get more help at https://help.gradle.org.

BUILD FAILED in 7s
Configuration cache entry stored.
